// Jest Snapshot v1, https://goo.gl/fbAQLP

exports[`Pruebas en el ToDoItem should match snapshot 1`] = `
<li
  className="list-group-item"
  key="1"
  style={
    Object {
      "display": "flex",
    }
  }
>
  <p
    className="mt-3"
    onClick={[Function]}
  >
    1
    . 
    Aprender React
  </p>
  <button
    className="btn btn-danger ml-5"
    onClick={[Function]}
  >
    Eliminar
  </button>
</li>
`;
